Archive member included because of file (symbol)

../lib\libasuro.a(globals.o)  asuro.o (switched)
../lib\libasuro.a(adc.o)      lie.o (LineData)
../lib\libasuro.a(adc_low.o)  ../lib\libasuro.a(adc.o) (ReadADC)
../lib\libasuro.a(leds.o)     asuro.o (StatusLED)
../lib\libasuro.a(motor_low.o)
                              lie.o (MotorSpeed)
../lib\libasuro.a(print.o)    lie.o (SerPrint)
../lib\libasuro.a(switches.o)
                              lie.o (PollSwitch)
../lib\libasuro.a(time.o)     ../lib\libasuro.a(adc_low.o) (Sleep)
../lib\libasuro.a(uart.o)     lie.o (SerRead)
c:/winavr-20080610/bin/../lib/gcc/avr/4.3.0/avr4\libgcc.a(_mulsi3.o)
                              ../lib\libasuro.a(switches.o) (__mulsi3)
c:/winavr-20080610/bin/../lib/gcc/avr/4.3.0/avr4\libgcc.a(_udivmodsi4.o)
                              ../lib\libasuro.a(time.o) (__udivmodsi4)
c:/winavr-20080610/bin/../lib/gcc/avr/4.3.0/avr4\libgcc.a(_divmodsi4.o)
                              ../lib\libasuro.a(switches.o) (__divmodsi4)
c:/winavr-20080610/bin/../lib/gcc/avr/4.3.0/avr4\libgcc.a(_exit.o)
                              c:/winavr-20080610/bin/../lib/gcc/avr/4.3.0/../../../../avr/lib/avr4/crtm8.o (exit)
c:/winavr-20080610/bin/../lib/gcc/avr/4.3.0/avr4\libgcc.a(_copy_data.o)
                              lie.o (__do_copy_data)
c:/winavr-20080610/bin/../lib/gcc/avr/4.3.0/avr4\libgcc.a(_clear_bss.o)
                              lie.o (__do_clear_bss)
c:/winavr-20080610/bin/../lib/gcc/avr/4.3.0/../../../../avr/lib/avr4\libc.a(itoa.o)
                              ../lib\libasuro.a(print.o) (itoa)
c:/winavr-20080610/bin/../lib/gcc/avr/4.3.0/../../../../avr/lib/avr4\libc.a(ltoa.o)
                              ../lib\libasuro.a(print.o) (ltoa)
c:/winavr-20080610/bin/../lib/gcc/avr/4.3.0/../../../../avr/lib/avr4\libc.a(strrev.o)
                              c:/winavr-20080610/bin/../lib/gcc/avr/4.3.0/../../../../avr/lib/avr4\libc.a(itoa.o) (strrev)
c:/winavr-20080610/bin/../lib/gcc/avr/4.3.0/avr4\libgcc.a(_udivmodhi4.o)
                              c:/winavr-20080610/bin/../lib/gcc/avr/4.3.0/../../../../avr/lib/avr4\libc.a(itoa.o) (__udivmodhi4)

Allocating common symbols
Common symbol       size              file

black_l             0x2               lie.o
switched            0x2               ../lib\libasuro.a(globals.o)
AdcIntFunc          0x2               ../lib\libasuro.a(globals.o)
autoencode          0x2               ../lib\libasuro.a(globals.o)
encoder             0x4               ../lib\libasuro.a(globals.o)
black_r             0x2               lie.o
count36kHz          0x1               ../lib\libasuro.a(globals.o)
msr                 0x2               lie.o
Ovr2IntFunc         0x2               ../lib\libasuro.a(globals.o)
white_r             0x2               lie.o
timebase            0x4               ../lib\libasuro.a(globals.o)
white_l             0x2               lie.o
msl                 0x2               lie.o

Memory Configuration

Name             Origin             Length             Attributes
text             0x00000000         0x00002000         xr
data             0x00800060         0x0000ffa0         rw !x
eeprom           0x00810000         0x00010000         rw !x
fuse             0x00820000         0x00000400         rw !x
lock             0x00830000         0x00000400         rw !x
signature        0x00840000         0x00000400         rw !x
*default*        0x00000000         0xffffffff

Linker script and memory map

LOAD c:/winavr-20080610/bin/../lib/gcc/avr/4.3.0/../../../../avr/lib/avr4/crtm8.o
LOAD lie.o
LOAD asuro.o
LOAD c:/winavr-20080610/bin/../lib/gcc/avr/4.3.0/../../../../avr/lib/avr4\libm.a
LOAD ../lib\libasuro.a
LOAD c:/winavr-20080610/bin/../lib/gcc/avr/4.3.0/avr4\libgcc.a
LOAD c:/winavr-20080610/bin/../lib/gcc/avr/4.3.0/../../../../avr/lib/avr4\libc.a
LOAD c:/winavr-20080610/bin/../lib/gcc/avr/4.3.0/avr4\libgcc.a

.hash
 *(.hash)

.dynsym
 *(.dynsym)

.dynstr
 *(.dynstr)

.gnu.version
 *(.gnu.version)

.gnu.version_d
 *(.gnu.version_d)

.gnu.version_r
 *(.gnu.version_r)

.rel.init
 *(.rel.init)

.rela.init
 *(.rela.init)

.rel.text
 *(.rel.text)
 *(.rel.text.*)
 *(.rel.gnu.linkonce.t*)

.rela.text
 *(.rela.text)
 *(.rela.text.*)
 *(.rela.gnu.linkonce.t*)

.rel.fini
 *(.rel.fini)

.rela.fini
 *(.rela.fini)

.rel.rodata
 *(.rel.rodata)
 *(.rel.rodata.*)
 *(.rel.gnu.linkonce.r*)

.rela.rodata
 *(.rela.rodata)
 *(.rela.rodata.*)
 *(.rela.gnu.linkonce.r*)

.rel.data
 *(.rel.data)
 *(.rel.data.*)
 *(.rel.gnu.linkonce.d*)

.rela.data
 *(.rela.data)
 *(.rela.data.*)
 *(.rela.gnu.linkonce.d*)

.rel.ctors
 *(.rel.ctors)

.rela.ctors
 *(.rela.ctors)

.rel.dtors
 *(.rel.dtors)

.rela.dtors
 *(.rela.dtors)

.rel.got
 *(.rel.got)

.rela.got
 *(.rela.got)

.rel.bss
 *(.rel.bss)

.rela.bss
 *(.rela.bss)

.rel.plt
 *(.rel.plt)

.rela.plt
 *(.rela.plt)

.text           0x00000000      0xd14
 *(.vectors)
 .vectors       0x00000000       0x26 c:/winavr-20080610/bin/../lib/gcc/avr/4.3.0/../../../../avr/lib/avr4/crtm8.o
                0x00000000                __vectors
                0x00000000                __vector_default
 *(.vectors)
 *(.progmem.gcc*)
 *(.progmem*)
                0x00000026                . = ALIGN (0x2)
                0x00000026                __trampolines_start = .
 *(.trampolines)
 .trampolines   0x00000026        0x0 linker stubs
 *(.trampolines*)
                0x00000026                __trampolines_end = .
 *(.jumptables)
 *(.jumptables*)
 *(.lowtext)
 *(.lowtext*)
                0x00000026                __ctors_start = .
 *(.ctors)
                0x00000026                __ctors_end = .
                0x00000026                __dtors_start = .
 *(.dtors)
                0x00000026                __dtors_end = .
 SORT(*)(.ctors)
 SORT(*)(.dtors)
 *(.init0)
 .init0         0x00000026        0x0 c:/winavr-20080610/bin/../lib/gcc/avr/4.3.0/../../../../avr/lib/avr4/crtm8.o
                0x00000026                __init
 *(.init0)
 *(.init1)
 *(.init1)
 *(.init2)
 .init2         0x00000026        0xc c:/winavr-20080610/bin/../lib/gcc/avr/4.3.0/../../../../avr/lib/avr4/crtm8.o
 *(.init2)
 *(.init3)
 *(.init3)
 *(.init4)
 .init4         0x00000032       0x16 c:/winavr-20080610/bin/../lib/gcc/avr/4.3.0/avr4\libgcc.a(_copy_data.o)
                0x00000032                __do_copy_data
 .init4         0x00000048       0x10 c:/winavr-20080610/bin/../lib/gcc/avr/4.3.0/avr4\libgcc.a(_clear_bss.o)
                0x00000048                __do_clear_bss
 *(.init4)
 *(.init5)
 *(.init5)
 *(.init6)
 *(.init6)
 *(.init7)
 *(.init7)
 *(.init8)
 *(.init8)
 *(.init9)
 .init9         0x00000058        0x4 c:/winavr-20080610/bin/../lib/gcc/avr/4.3.0/../../../../avr/lib/avr4/crtm8.o
 *(.init9)
 *(.text)
 .text          0x0000005c        0x2 c:/winavr-20080610/bin/../lib/gcc/avr/4.3.0/../../../../avr/lib/avr4/crtm8.o
                0x0000005c                __vector_1
                0x0000005c                __vector_12
                0x0000005c                __bad_interrupt
                0x0000005c                __vector_6
                0x0000005c                __vector_11
                0x0000005c                __vector_13
                0x0000005c                __vector_17
                0x0000005c                __vector_7
                0x0000005c                __vector_5
                0x0000005c                __vector_9
                0x0000005c                __vector_15
                0x0000005c                __vector_8
                0x0000005c                __vector_10
                0x0000005c                __vector_16
                0x0000005c                __vector_18
 .text          0x0000005e      0x56c lie.o
                0x00000278                info
                0x0000011c                setMS
                0x00000114                angekommen
                0x000000f0                KeyPressed
                0x0000005e                readEEPROM
                0x0000032a                line_init
                0x0000048a                main
                0x000002ec                getKey
                0x0000042a                asuro_init
 .text          0x000005ca      0x1e8 asuro.o
                0x00000746                Init
                0x00000662                __vector_3
                0x000005ca                __vector_4
                0x000006be                __vector_2
                0x000006ec                __vector_14
 .text          0x000007b2        0x0 ../lib\libasuro.a(globals.o)
 .text          0x000007b2       0xcc ../lib\libasuro.a(adc.o)
                0x00000852                Battery
                0x000007b2                OdometryData
                0x00000806                LineData
 .text          0x0000087e       0x28 ../lib\libasuro.a(adc_low.o)
                0x0000087e                ReadADC
 .text          0x000008a6       0x5e ../lib\libasuro.a(leds.o)
                0x000008a6                StatusLED
                0x000008cc                FrontLED
                0x000008de                BackLED
 .text          0x00000904       0x20 ../lib\libasuro.a(motor_low.o)
                0x00000904                MotorSpeed
                0x00000912                MotorDir
 .text          0x00000924       0xdc ../lib\libasuro.a(print.o)
                0x00000924                UartPutc
                0x00000960                SerPrint_p
                0x000009c0                PrintInt
                0x00000980                PrintLong
                0x0000093a                SerPrint
 .text          0x00000a00       0x96 ../lib\libasuro.a(switches.o)
                0x00000a1a                PollSwitch
                0x00000a00                StartSwitch
                0x00000a12                StopSwitch
 .text          0x00000a96       0x66 ../lib\libasuro.a(time.o)
                0x00000aca                Sleep
                0x00000ada                Msleep
                0x00000a96                Gettime
 .text          0x00000afc       0x72 ../lib\libasuro.a(uart.o)
                0x00000afc                SerWrite
                0x00000b1c                SerRead
 .text          0x00000b6e        0x0 c:/winavr-20080610/bin/../lib/gcc/avr/4.3.0/avr4\libgcc.a(_mulsi3.o)
 .text          0x00000b6e        0x0 c:/winavr-20080610/bin/../lib/gcc/avr/4.3.0/avr4\libgcc.a(_udivmodsi4.o)
 .text          0x00000b6e        0x0 c:/winavr-20080610/bin/../lib/gcc/avr/4.3.0/avr4\libgcc.a(_divmodsi4.o)
 .text          0x00000b6e        0x0 c:/winavr-20080610/bin/../lib/gcc/avr/4.3.0/avr4\libgcc.a(_exit.o)
 .text          0x00000b6e        0x0 c:/winavr-20080610/bin/../lib/gcc/avr/4.3.0/avr4\libgcc.a(_copy_data.o)
 .text          0x00000b6e        0x0 c:/winavr-20080610/bin/../lib/gcc/avr/4.3.0/avr4\libgcc.a(_clear_bss.o)
 .text          0x00000b6e       0x3e c:/winavr-20080610/bin/../lib/gcc/avr/4.3.0/../../../../avr/lib/avr4\libc.a(itoa.o)
                0x00000b6e                itoa
 .text          0x00000bac       0x64 c:/winavr-20080610/bin/../lib/gcc/avr/4.3.0/../../../../avr/lib/avr4\libc.a(ltoa.o)
                0x00000bac                ltoa
 .text          0x00000c10       0x20 c:/winavr-20080610/bin/../lib/gcc/avr/4.3.0/../../../../avr/lib/avr4\libc.a(strrev.o)
                0x00000c10                strrev
 .text          0x00000c30        0x0 c:/winavr-20080610/bin/../lib/gcc/avr/4.3.0/avr4\libgcc.a(_udivmodhi4.o)
                0x00000c30                . = ALIGN (0x2)
 *(.text.*)
 .text.libgcc   0x00000c30       0x3e c:/winavr-20080610/bin/../lib/gcc/avr/4.3.0/avr4\libgcc.a(_mulsi3.o)
                0x00000c30                __mulsi3
 .text.libgcc   0x00000c6e       0x44 c:/winavr-20080610/bin/../lib/gcc/avr/4.3.0/avr4\libgcc.a(_udivmodsi4.o)
                0x00000c6e                __udivmodsi4
 .text.libgcc   0x00000cb2       0x36 c:/winavr-20080610/bin/../lib/gcc/avr/4.3.0/avr4\libgcc.a(_divmodsi4.o)
                0x00000cb2                __divmodsi4
 .text.libgcc   0x00000ce8        0x0 c:/winavr-20080610/bin/../lib/gcc/avr/4.3.0/avr4\libgcc.a(_exit.o)
 .text.libgcc   0x00000ce8        0x0 c:/winavr-20080610/bin/../lib/gcc/avr/4.3.0/avr4\libgcc.a(_copy_data.o)
 .text.libgcc   0x00000ce8        0x0 c:/winavr-20080610/bin/../lib/gcc/avr/4.3.0/avr4\libgcc.a(_clear_bss.o)
 .text.libgcc   0x00000ce8       0x28 c:/winavr-20080610/bin/../lib/gcc/avr/4.3.0/avr4\libgcc.a(_udivmodhi4.o)
                0x00000ce8                __udivmodhi4
                0x00000d10                . = ALIGN (0x2)
 *(.fini9)
 .fini9         0x00000d10        0x0 c:/winavr-20080610/bin/../lib/gcc/avr/4.3.0/avr4\libgcc.a(_exit.o)
                0x00000d10                exit
                0x00000d10                _exit
 *(.fini9)
 *(.fini8)
 *(.fini8)
 *(.fini7)
 *(.fini7)
 *(.fini6)
 *(.fini6)
 *(.fini5)
 *(.fini5)
 *(.fini4)
 *(.fini4)
 *(.fini3)
 *(.fini3)
 *(.fini2)
 *(.fini2)
 *(.fini1)
 *(.fini1)
 *(.fini0)
 .fini0         0x00000d10        0x4 c:/winavr-20080610/bin/../lib/gcc/avr/4.3.0/avr4\libgcc.a(_exit.o)
 *(.fini0)
                0x00000d14                _etext = .

.data           0x00800060      0x1d6 load address 0x00000d14
                0x00800060                PROVIDE (__data_start, .)
 *(.data)
 .data          0x00800060        0x0 c:/winavr-20080610/bin/../lib/gcc/avr/4.3.0/../../../../avr/lib/avr4/crtm8.o
 .data          0x00800060      0x1d5 lie.o
                0x00800233                done
 .data          0x00800235        0x0 asuro.o
 .data          0x00800235        0x0 ../lib\libasuro.a(globals.o)
 .data          0x00800235        0x0 ../lib\libasuro.a(adc.o)
 .data          0x00800235        0x0 ../lib\libasuro.a(adc_low.o)
 .data          0x00800235        0x0 ../lib\libasuro.a(leds.o)
 .data          0x00800235        0x0 ../lib\libasuro.a(motor_low.o)
 .data          0x00800235        0x0 ../lib\libasuro.a(print.o)
 .data          0x00800235        0x0 ../lib\libasuro.a(switches.o)
 .data          0x00800235        0x0 ../lib\libasuro.a(time.o)
 .data          0x00800235        0x0 ../lib\libasuro.a(uart.o)
 .data          0x00800235        0x0 c:/winavr-20080610/bin/../lib/gcc/avr/4.3.0/avr4\libgcc.a(_mulsi3.o)
 .data          0x00800235        0x0 c:/winavr-20080610/bin/../lib/gcc/avr/4.3.0/avr4\libgcc.a(_udivmodsi4.o)
 .data          0x00800235        0x0 c:/winavr-20080610/bin/../lib/gcc/avr/4.3.0/avr4\libgcc.a(_divmodsi4.o)
 .data          0x00800235        0x0 c:/winavr-20080610/bin/../lib/gcc/avr/4.3.0/avr4\libgcc.a(_exit.o)
 .data          0x00800235        0x0 c:/winavr-20080610/bin/../lib/gcc/avr/4.3.0/avr4\libgcc.a(_copy_data.o)
 .data          0x00800235        0x0 c:/winavr-20080610/bin/../lib/gcc/avr/4.3.0/avr4\libgcc.a(_clear_bss.o)
 .data          0x00800235        0x0 c:/winavr-20080610/bin/../lib/gcc/avr/4.3.0/../../../../avr/lib/avr4\libc.a(itoa.o)
 .data          0x00800235        0x0 c:/winavr-20080610/bin/../lib/gcc/avr/4.3.0/../../../../avr/lib/avr4\libc.a(ltoa.o)
 .data          0x00800235        0x0 c:/winavr-20080610/bin/../lib/gcc/avr/4.3.0/../../../../avr/lib/avr4\libc.a(strrev.o)
 .data          0x00800235        0x0 c:/winavr-20080610/bin/../lib/gcc/avr/4.3.0/avr4\libgcc.a(_udivmodhi4.o)
 *(.data*)
 *(.rodata)
 *(.rodata*)
 *(.gnu.linkonce.d*)
                0x00800236                . = ALIGN (0x2)
 *fill*         0x00800235        0x1 00
                0x00800236                _edata = .
                0x00800236                PROVIDE (__data_end, .)

.bss            0x00800236       0x1d load address 0x00000eea
                0x00800236                PROVIDE (__bss_start, .)
 *(.bss)
 .bss           0x00800236        0x0 c:/winavr-20080610/bin/../lib/gcc/avr/4.3.0/../../../../avr/lib/avr4/crtm8.o
 .bss           0x00800236        0x0 lie.o
 .bss           0x00800236        0x0 asuro.o
 .bss           0x00800236        0x0 ../lib\libasuro.a(globals.o)
 .bss           0x00800236        0x0 ../lib\libasuro.a(adc.o)
 .bss           0x00800236        0x0 ../lib\libasuro.a(adc_low.o)
 .bss           0x00800236        0x0 ../lib\libasuro.a(leds.o)
 .bss           0x00800236        0x0 ../lib\libasuro.a(motor_low.o)
 .bss           0x00800236        0x0 ../lib\libasuro.a(print.o)
 .bss           0x00800236        0x0 ../lib\libasuro.a(switches.o)
 .bss           0x00800236        0x0 ../lib\libasuro.a(time.o)
 .bss           0x00800236        0x0 ../lib\libasuro.a(uart.o)
 .bss           0x00800236        0x0 c:/winavr-20080610/bin/../lib/gcc/avr/4.3.0/avr4\libgcc.a(_mulsi3.o)
 .bss           0x00800236        0x0 c:/winavr-20080610/bin/../lib/gcc/avr/4.3.0/avr4\libgcc.a(_udivmodsi4.o)
 .bss           0x00800236        0x0 c:/winavr-20080610/bin/../lib/gcc/avr/4.3.0/avr4\libgcc.a(_divmodsi4.o)
 .bss           0x00800236        0x0 c:/winavr-20080610/bin/../lib/gcc/avr/4.3.0/avr4\libgcc.a(_exit.o)
 .bss           0x00800236        0x0 c:/winavr-20080610/bin/../lib/gcc/avr/4.3.0/avr4\libgcc.a(_copy_data.o)
 .bss           0x00800236        0x0 c:/winavr-20080610/bin/../lib/gcc/avr/4.3.0/avr4\libgcc.a(_clear_bss.o)
 .bss           0x00800236        0x0 c:/winavr-20080610/bin/../lib/gcc/avr/4.3.0/../../../../avr/lib/avr4\libc.a(itoa.o)
 .bss           0x00800236        0x0 c:/winavr-20080610/bin/../lib/gcc/avr/4.3.0/../../../../avr/lib/avr4\libc.a(ltoa.o)
 .bss           0x00800236        0x0 c:/winavr-20080610/bin/../lib/gcc/avr/4.3.0/../../../../avr/lib/avr4\libc.a(strrev.o)
 .bss           0x00800236        0x0 c:/winavr-20080610/bin/../lib/gcc/avr/4.3.0/avr4\libgcc.a(_udivmodhi4.o)
 *(.bss*)
 *(COMMON)
 COMMON         0x00800236        0xc lie.o
                0x00800236                black_l
                0x00800238                black_r
                0x0080023a                msr
                0x0080023c                white_r
                0x0080023e                white_l
                0x00800240                msl
 COMMON         0x00800242       0x11 ../lib\libasuro.a(globals.o)
                0x00800242                switched
                0x00800244                AdcIntFunc
                0x00800246                autoencode
                0x00800248                encoder
                0x0080024c                count36kHz
                0x0080024d                Ovr2IntFunc
                0x0080024f                timebase
                0x00800253                PROVIDE (__bss_end, .)
                0x00000d14                __data_load_start = LOADADDR (.data)
                0x00000eea                __data_load_end = (__data_load_start + SIZEOF (.data))

.noinit         0x00800253        0x0
                0x00800253                PROVIDE (__noinit_start, .)
 *(.noinit*)
                0x00800253                PROVIDE (__noinit_end, .)
                0x00800253                _end = .
                0x00800253                PROVIDE (__heap_start, .)

.eeprom         0x00810000        0x0
 *(.eeprom*)
                0x00810000                __eeprom_end = .

.fuse
 *(.fuse)
 *(.lfuse)
 *(.hfuse)
 *(.efuse)

.lock
 *(.lock*)

.signature
 *(.signature*)

.stab
 *(.stab)

.stabstr
 *(.stabstr)

.stab.excl
 *(.stab.excl)

.stab.exclstr
 *(.stab.exclstr)

.stab.index
 *(.stab.index)

.stab.indexstr
 *(.stab.indexstr)

.comment
 *(.comment)

.debug
 *(.debug)

.line
 *(.line)

.debug_srcinfo
 *(.debug_srcinfo)

.debug_sfnames
 *(.debug_sfnames)

.debug_aranges  0x00000000      0x140
 *(.debug_aranges)
 .debug_aranges
                0x00000000       0x20 lie.o
 .debug_aranges
                0x00000020       0x20 asuro.o
 .debug_aranges
                0x00000040       0x20 ../lib\libasuro.a(adc.o)
 .debug_aranges
                0x00000060       0x20 ../lib\libasuro.a(adc_low.o)
 .debug_aranges
                0x00000080       0x20 ../lib\libasuro.a(leds.o)
 .debug_aranges
                0x000000a0       0x20 ../lib\libasuro.a(motor_low.o)
 .debug_aranges
                0x000000c0       0x20 ../lib\libasuro.a(print.o)
 .debug_aranges
                0x000000e0       0x20 ../lib\libasuro.a(switches.o)
 .debug_aranges
                0x00000100       0x20 ../lib\libasuro.a(time.o)
 .debug_aranges
                0x00000120       0x20 ../lib\libasuro.a(uart.o)

.debug_pubnames
                0x00000000      0x34e
 *(.debug_pubnames)
 .debug_pubnames
                0x00000000       0xcc lie.o
 .debug_pubnames
                0x000000cc       0x58 asuro.o
 .debug_pubnames
                0x00000124       0x75 ../lib\libasuro.a(globals.o)
 .debug_pubnames
                0x00000199       0x3c ../lib\libasuro.a(adc.o)
 .debug_pubnames
                0x000001d5       0x1e ../lib\libasuro.a(adc_low.o)
 .debug_pubnames
                0x000001f3       0x39 ../lib\libasuro.a(leds.o)
 .debug_pubnames
                0x0000022c       0x2e ../lib\libasuro.a(motor_low.o)
 .debug_pubnames
                0x0000025a       0x56 ../lib\libasuro.a(print.o)
 .debug_pubnames
                0x000002b0       0x40 ../lib\libasuro.a(switches.o)
 .debug_pubnames
                0x000002f0       0x33 ../lib\libasuro.a(time.o)
 .debug_pubnames
                0x00000323       0x2b ../lib\libasuro.a(uart.o)

.debug_info     0x00000000      0xf4c
 *(.debug_info)
 .debug_info    0x00000000      0x444 lie.o
 .debug_info    0x00000444      0x143 asuro.o
 .debug_info    0x00000587      0x122 ../lib\libasuro.a(globals.o)
 .debug_info    0x000006a9      0x122 ../lib\libasuro.a(adc.o)
 .debug_info    0x000007cb       0x9b ../lib\libasuro.a(adc_low.o)
 .debug_info    0x00000866       0xe3 ../lib\libasuro.a(leds.o)
 .debug_info    0x00000949       0xcc ../lib\libasuro.a(motor_low.o)
 .debug_info    0x00000a15      0x20e ../lib\libasuro.a(print.o)
 .debug_info    0x00000c23       0xd8 ../lib\libasuro.a(switches.o)
 .debug_info    0x00000cfb      0x14a ../lib\libasuro.a(time.o)
 .debug_info    0x00000e45      0x107 ../lib\libasuro.a(uart.o)
 *(.gnu.linkonce.wi.*)

.debug_abbrev   0x00000000      0x88a
 *(.debug_abbrev)
 .debug_abbrev  0x00000000      0x1b0 lie.o
 .debug_abbrev  0x000001b0       0x92 asuro.o
 .debug_abbrev  0x00000242       0x7a ../lib\libasuro.a(globals.o)
 .debug_abbrev  0x000002bc       0xaf ../lib\libasuro.a(adc.o)
 .debug_abbrev  0x0000036b       0x68 ../lib\libasuro.a(adc_low.o)
 .debug_abbrev  0x000003d3       0x7d ../lib\libasuro.a(leds.o)
 .debug_abbrev  0x00000450       0x7d ../lib\libasuro.a(motor_low.o)
 .debug_abbrev  0x000004cd      0x171 ../lib\libasuro.a(print.o)
 .debug_abbrev  0x0000063e       0x97 ../lib\libasuro.a(switches.o)
 .debug_abbrev  0x000006d5      0x104 ../lib\libasuro.a(time.o)
 .debug_abbrev  0x000007d9       0xb1 ../lib\libasuro.a(uart.o)

.debug_line     0x00000000     0x10c7
 *(.debug_line)
 .debug_line    0x00000000      0x6d1 lie.o
 .debug_line    0x000006d1      0x1e0 asuro.o
 .debug_line    0x000008b1       0x5d ../lib\libasuro.a(globals.o)
 .debug_line    0x0000090e      0x10f ../lib\libasuro.a(adc.o)
 .debug_line    0x00000a1d       0xa6 ../lib\libasuro.a(adc_low.o)
 .debug_line    0x00000ac3      0x10b ../lib\libasuro.a(leds.o)
 .debug_line    0x00000bce       0x90 ../lib\libasuro.a(motor_low.o)
 .debug_line    0x00000c5e      0x1b9 ../lib\libasuro.a(print.o)
 .debug_line    0x00000e17       0xf9 ../lib\libasuro.a(switches.o)
 .debug_line    0x00000f10       0xc4 ../lib\libasuro.a(time.o)
 .debug_line    0x00000fd4       0xf3 ../lib\libasuro.a(uart.o)

.debug_frame    0x00000000      0x2e0
 *(.debug_frame)
 .debug_frame   0x00000000       0xa0 lie.o
 .debug_frame   0x000000a0       0x60 asuro.o
 .debug_frame   0x00000100       0x40 ../lib\libasuro.a(adc.o)
 .debug_frame   0x00000140       0x20 ../lib\libasuro.a(adc_low.o)
 .debug_frame   0x00000160       0x40 ../lib\libasuro.a(leds.o)
 .debug_frame   0x000001a0       0x30 ../lib\libasuro.a(motor_low.o)
 .debug_frame   0x000001d0       0x60 ../lib\libasuro.a(print.o)
 .debug_frame   0x00000230       0x40 ../lib\libasuro.a(switches.o)
 .debug_frame   0x00000270       0x40 ../lib\libasuro.a(time.o)
 .debug_frame   0x000002b0       0x30 ../lib\libasuro.a(uart.o)

.debug_str      0x00000000      0x3cc
 *(.debug_str)
 .debug_str     0x00000000      0x153 lie.o
                                0x18c (size before relaxing)
 .debug_str     0x00000153       0x8c asuro.o
                                0x133 (size before relaxing)
 .debug_str     0x000001df       0x42 ../lib\libasuro.a(globals.o)
                                0x100 (size before relaxing)
 .debug_str     0x00000221       0x2b ../lib\libasuro.a(adc.o)
                                 0xde (size before relaxing)
 .debug_str     0x0000024c       0x12 ../lib\libasuro.a(adc_low.o)
                                 0xbb (size before relaxing)
 .debug_str     0x0000025e       0x3a ../lib\libasuro.a(leds.o)
                                 0xdd (size before relaxing)
 .debug_str     0x00000298       0x4a ../lib\libasuro.a(motor_low.o)
                                 0xed (size before relaxing)
 .debug_str     0x000002e2       0x65 ../lib\libasuro.a(print.o)
                                0x11a (size before relaxing)
 .debug_str     0x00000347       0x2d ../lib\libasuro.a(switches.o)
                                 0xe2 (size before relaxing)
 .debug_str     0x00000374       0x31 ../lib\libasuro.a(time.o)
                                 0xe8 (size before relaxing)
 .debug_str     0x000003a5       0x27 ../lib\libasuro.a(uart.o)
                                 0xd4 (size before relaxing)

.debug_loc      0x00000000      0x3e0
 *(.debug_loc)
 .debug_loc     0x00000000       0xd5 lie.o
 .debug_loc     0x000000d5       0x98 ../lib\libasuro.a(adc.o)
 .debug_loc     0x0000016d       0x50 ../lib\libasuro.a(adc_low.o)
 .debug_loc     0x000001bd       0x31 ../lib\libasuro.a(leds.o)
 .debug_loc     0x000001ee       0x39 ../lib\libasuro.a(motor_low.o)
 .debug_loc     0x00000227       0x7c ../lib\libasuro.a(print.o)
 .debug_loc     0x000002a3       0x56 ../lib\libasuro.a(switches.o)
 .debug_loc     0x000002f9       0x3b ../lib\libasuro.a(time.o)
 .debug_loc     0x00000334       0xac ../lib\libasuro.a(uart.o)

.debug_macinfo
 *(.debug_macinfo)
OUTPUT(lie.elf elf32-avr)
LOAD linker stubs

.debug_ranges   0x00000000       0x18
 .debug_ranges  0x00000000       0x18 ../lib\libasuro.a(print.o)

Cross Reference Table

Symbol                                            File
AdcIntFunc                                        ../lib\libasuro.a(globals.o)
                                                  asuro.o
BackLED                                           ../lib\libasuro.a(leds.o)
                                                  asuro.o
Battery                                           ../lib\libasuro.a(adc.o)
FrontLED                                          ../lib\libasuro.a(leds.o)
                                                  asuro.o
                                                  lie.o
Gettime                                           ../lib\libasuro.a(time.o)
Init                                              asuro.o
                                                  lie.o
KeyPressed                                        lie.o
LineData                                          ../lib\libasuro.a(adc.o)
                                                  lie.o
MotorDir                                          ../lib\libasuro.a(motor_low.o)
                                                  asuro.o
                                                  lie.o
MotorSpeed                                        ../lib\libasuro.a(motor_low.o)
                                                  asuro.o
                                                  lie.o
Msleep                                            ../lib\libasuro.a(time.o)
                                                  lie.o
OdometryData                                      ../lib\libasuro.a(adc.o)
Ovr2IntFunc                                       ../lib\libasuro.a(globals.o)
                                                  asuro.o
PollSwitch                                        ../lib\libasuro.a(switches.o)
                                                  lie.o
PrintInt                                          ../lib\libasuro.a(print.o)
                                                  lie.o
PrintLong                                         ../lib\libasuro.a(print.o)
ReadADC                                           ../lib\libasuro.a(adc_low.o)
                                                  ../lib\libasuro.a(switches.o)
                                                  ../lib\libasuro.a(adc.o)
SerPrint                                          ../lib\libasuro.a(print.o)
                                                  lie.o
SerPrint_p                                        ../lib\libasuro.a(print.o)
SerRead                                           ../lib\libasuro.a(uart.o)
                                                  lie.o
SerWrite                                          ../lib\libasuro.a(uart.o)
Sleep                                             ../lib\libasuro.a(time.o)
                                                  ../lib\libasuro.a(switches.o)
                                                  ../lib\libasuro.a(adc_low.o)
StartSwitch                                       ../lib\libasuro.a(switches.o)
StatusLED                                         ../lib\libasuro.a(leds.o)
                                                  asuro.o
StopSwitch                                        ../lib\libasuro.a(switches.o)
UartPutc                                          ../lib\libasuro.a(print.o)
__bad_interrupt                                   c:/winavr-20080610/bin/../lib/gcc/avr/4.3.0/../../../../avr/lib/avr4/crtm8.o
__bss_end                                         c:/winavr-20080610/bin/../lib/gcc/avr/4.3.0/avr4\libgcc.a(_clear_bss.o)
__bss_start                                       c:/winavr-20080610/bin/../lib/gcc/avr/4.3.0/avr4\libgcc.a(_clear_bss.o)
__data_end                                        c:/winavr-20080610/bin/../lib/gcc/avr/4.3.0/avr4\libgcc.a(_copy_data.o)
__data_load_start                                 c:/winavr-20080610/bin/../lib/gcc/avr/4.3.0/avr4\libgcc.a(_copy_data.o)
__data_start                                      c:/winavr-20080610/bin/../lib/gcc/avr/4.3.0/avr4\libgcc.a(_copy_data.o)
__divmodsi4                                       c:/winavr-20080610/bin/../lib/gcc/avr/4.3.0/avr4\libgcc.a(_divmodsi4.o)
                                                  ../lib\libasuro.a(switches.o)
__do_clear_bss                                    c:/winavr-20080610/bin/../lib/gcc/avr/4.3.0/avr4\libgcc.a(_clear_bss.o)
                                                  ../lib\libasuro.a(uart.o)
                                                  ../lib\libasuro.a(time.o)
                                                  ../lib\libasuro.a(switches.o)
                                                  ../lib\libasuro.a(print.o)
                                                  ../lib\libasuro.a(motor_low.o)
                                                  ../lib\libasuro.a(leds.o)
                                                  ../lib\libasuro.a(adc_low.o)
                                                  ../lib\libasuro.a(adc.o)
                                                  ../lib\libasuro.a(globals.o)
                                                  asuro.o
                                                  lie.o
__do_copy_data                                    c:/winavr-20080610/bin/../lib/gcc/avr/4.3.0/avr4\libgcc.a(_copy_data.o)
                                                  ../lib\libasuro.a(uart.o)
                                                  ../lib\libasuro.a(time.o)
                                                  ../lib\libasuro.a(switches.o)
                                                  ../lib\libasuro.a(print.o)
                                                  ../lib\libasuro.a(motor_low.o)
                                                  ../lib\libasuro.a(leds.o)
                                                  ../lib\libasuro.a(adc_low.o)
                                                  ../lib\libasuro.a(adc.o)
                                                  ../lib\libasuro.a(globals.o)
                                                  asuro.o
                                                  lie.o
__heap_end                                        c:/winavr-20080610/bin/../lib/gcc/avr/4.3.0/../../../../avr/lib/avr4/crtm8.o
__init                                            c:/winavr-20080610/bin/../lib/gcc/avr/4.3.0/../../../../avr/lib/avr4/crtm8.o
__mulsi3                                          c:/winavr-20080610/bin/../lib/gcc/avr/4.3.0/avr4\libgcc.a(_mulsi3.o)
                                                  ../lib\libasuro.a(switches.o)
__stack                                           c:/winavr-20080610/bin/../lib/gcc/avr/4.3.0/../../../../avr/lib/avr4/crtm8.o
__udivmodhi4                                      c:/winavr-20080610/bin/../lib/gcc/avr/4.3.0/avr4\libgcc.a(_udivmodhi4.o)
                                                  c:/winavr-20080610/bin/../lib/gcc/avr/4.3.0/../../../../avr/lib/avr4\libc.a(itoa.o)
__udivmodsi4                                      c:/winavr-20080610/bin/../lib/gcc/avr/4.3.0/avr4\libgcc.a(_udivmodsi4.o)
                                                  c:/winavr-20080610/bin/../lib/gcc/avr/4.3.0/../../../../avr/lib/avr4\libc.a(ltoa.o)
                                                  c:/winavr-20080610/bin/../lib/gcc/avr/4.3.0/avr4\libgcc.a(_divmodsi4.o)
                                                  ../lib\libasuro.a(time.o)
__vector_1                                        c:/winavr-20080610/bin/../lib/gcc/avr/4.3.0/../../../../avr/lib/avr4/crtm8.o
__vector_10                                       c:/winavr-20080610/bin/../lib/gcc/avr/4.3.0/../../../../avr/lib/avr4/crtm8.o
__vector_11                                       c:/winavr-20080610/bin/../lib/gcc/avr/4.3.0/../../../../avr/lib/avr4/crtm8.o
__vector_12                                       c:/winavr-20080610/bin/../lib/gcc/avr/4.3.0/../../../../avr/lib/avr4/crtm8.o
__vector_13                                       c:/winavr-20080610/bin/../lib/gcc/avr/4.3.0/../../../../avr/lib/avr4/crtm8.o
__vector_14                                       asuro.o
                                                  c:/winavr-20080610/bin/../lib/gcc/avr/4.3.0/../../../../avr/lib/avr4/crtm8.o
__vector_15                                       c:/winavr-20080610/bin/../lib/gcc/avr/4.3.0/../../../../avr/lib/avr4/crtm8.o
__vector_16                                       c:/winavr-20080610/bin/../lib/gcc/avr/4.3.0/../../../../avr/lib/avr4/crtm8.o
__vector_17                                       c:/winavr-20080610/bin/../lib/gcc/avr/4.3.0/../../../../avr/lib/avr4/crtm8.o
__vector_18                                       c:/winavr-20080610/bin/../lib/gcc/avr/4.3.0/../../../../avr/lib/avr4/crtm8.o
__vector_2                                        asuro.o
                                                  c:/winavr-20080610/bin/../lib/gcc/avr/4.3.0/../../../../avr/lib/avr4/crtm8.o
__vector_3                                        asuro.o
                                                  c:/winavr-20080610/bin/../lib/gcc/avr/4.3.0/../../../../avr/lib/avr4/crtm8.o
__vector_4                                        asuro.o
                                                  c:/winavr-20080610/bin/../lib/gcc/avr/4.3.0/../../../../avr/lib/avr4/crtm8.o
__vector_5                                        c:/winavr-20080610/bin/../lib/gcc/avr/4.3.0/../../../../avr/lib/avr4/crtm8.o
__vector_6                                        c:/winavr-20080610/bin/../lib/gcc/avr/4.3.0/../../../../avr/lib/avr4/crtm8.o
__vector_7                                        c:/winavr-20080610/bin/../lib/gcc/avr/4.3.0/../../../../avr/lib/avr4/crtm8.o
__vector_8                                        c:/winavr-20080610/bin/../lib/gcc/avr/4.3.0/../../../../avr/lib/avr4/crtm8.o
__vector_9                                        c:/winavr-20080610/bin/../lib/gcc/avr/4.3.0/../../../../avr/lib/avr4/crtm8.o
__vector_default                                  c:/winavr-20080610/bin/../lib/gcc/avr/4.3.0/../../../../avr/lib/avr4/crtm8.o
__vectors                                         c:/winavr-20080610/bin/../lib/gcc/avr/4.3.0/../../../../avr/lib/avr4/crtm8.o
_exit                                             c:/winavr-20080610/bin/../lib/gcc/avr/4.3.0/avr4\libgcc.a(_exit.o)
angekommen                                        lie.o
asuro_init                                        lie.o
autoencode                                        ../lib\libasuro.a(switches.o)
                                                  ../lib\libasuro.a(adc.o)
                                                  ../lib\libasuro.a(globals.o)
                                                  asuro.o
black_l                                           lie.o
black_r                                           lie.o
count36kHz                                        ../lib\libasuro.a(time.o)
                                                  ../lib\libasuro.a(globals.o)
                                                  asuro.o
done                                              lie.o
encoder                                           ../lib\libasuro.a(globals.o)
exit                                              c:/winavr-20080610/bin/../lib/gcc/avr/4.3.0/avr4\libgcc.a(_exit.o)
                                                  c:/winavr-20080610/bin/../lib/gcc/avr/4.3.0/../../../../avr/lib/avr4/crtm8.o
getKey                                            lie.o
info                                              lie.o
itoa                                              c:/winavr-20080610/bin/../lib/gcc/avr/4.3.0/../../../../avr/lib/avr4\libc.a(itoa.o)
                                                  ../lib\libasuro.a(print.o)
line_init                                         lie.o
ltoa                                              c:/winavr-20080610/bin/../lib/gcc/avr/4.3.0/../../../../avr/lib/avr4\libc.a(ltoa.o)
                                                  ../lib\libasuro.a(print.o)
main                                              lie.o
                                                  c:/winavr-20080610/bin/../lib/gcc/avr/4.3.0/../../../../avr/lib/avr4/crtm8.o
msl                                               lie.o
msr                                               lie.o
readEEPROM                                        lie.o
setMS                                             lie.o
strrev                                            c:/winavr-20080610/bin/../lib/gcc/avr/4.3.0/../../../../avr/lib/avr4\libc.a(strrev.o)
                                                  c:/winavr-20080610/bin/../lib/gcc/avr/4.3.0/../../../../avr/lib/avr4\libc.a(ltoa.o)
                                                  c:/winavr-20080610/bin/../lib/gcc/avr/4.3.0/../../../../avr/lib/avr4\libc.a(itoa.o)
switched                                          ../lib\libasuro.a(globals.o)
                                                  asuro.o
timebase                                          ../lib\libasuro.a(time.o)
                                                  ../lib\libasuro.a(globals.o)
                                                  asuro.o
white_l                                           lie.o
white_r                                           lie.o
